
> wemagnifai@0.1.0 build
> next build

node.exe : ΓÜá Warning: 
Next.js inferred your 
workspace root, but it may 
not be correct.
At line:1 char:1
+ & "C:\Program 
Files\nodejs/node.exe" "C:\U
sers\natur\AppData\Roaming\ 
...
+ ~~~~~~~~~~~~~~~~~~~~~~~~~~
~~~~~~~~~~~~~~~~~~~~~~~~~~~~
~~~~~~~~~~~~~~~
    + CategoryInfo          
    : NotSpecified: (ΓÜá W  
  arning: Ne...not be cor   
 rect.:String) [], Remot    
eException
    + FullyQualifiedErrorId 
    : NativeCommandError
 
 We detected multiple 
lockfiles and selected the 
directory of C:\IDE-PROJECTS
\package-lock.json as the 
root directory.
 To silence this warning, 
set `turbopack.root` in 
your Next.js config, or 
consider removing one of 
the lockfiles if it's not 
needed.
   See https://nextjs.org/do
cs/app/api-reference/config/
next-config-js/turbopack#roo
t-directory for more 
information.
 Detected additional 
lockfiles: 
   * C:\IDE-PROJECTS\ANTIGRA
VITY\New folder\ai-authority
-vortex\package-lock.json

Γû▓ Next.js 16.1.1 (Turbopack)
- Environments: .env.local

  Creating an optimized production build ...
Γ£ô Compiled successfully in 9.1s
  Running TypeScript ...
Failed to compile.

./scripts/migrate-to-prismic
.ts:129:17
Type error: Type 
'"homepage"' is not 
assignable to type '"page"'.

[0m [90m 127 |[39m       
  migration[33m.[39mcreate
Document(
 [90m 128 |[39m           
  {
[31m[1m>[22m[39m[90m 
129 |[39m                 
type[33m:[39m [32m'homepa
ge'[39m[33m,[39m
 [90m     |[39m           
      [31m[1m^[22m[39m
 [90m 130 |[39m           
      lang[33m:[39m 
[32m'en-us'[39m[33m,[39m
 [90m 131 |[39m           
      data[33m:[39m 
homepageData[33m,[39m
 [90m 132 |[39m           
  }[33m,[39m[0m
Next.js build worker exited 
with code: 1 and signal: 
null
