node.exe : ΓÜá Warning: Next.js 
inferred your workspace root, 
but it may not be correct.
At line:1 char:1
+ & "C:\Program 
Files\nodejs/node.exe" 
"C:\Users\natur\AppData\Roaming\ 
...
+ ~~~~~~~~~~~~~~~~~~~~~~~~~~~~~~~
~~~~~~~~~~~~~~~~~~~~~~~~~~~~~~~~~
~~~~~
    + CategoryInfo          : No 
   tSpecified: (ΓÜá Warning: Ne  
  ...not be correct.:String) [   
 ], RemoteException
    + FullyQualifiedErrorId : Na 
   tiveCommandError
 
 We detected multiple lockfiles 
and selected the directory of C:\
IDE-PROJECTS\package-lock.json 
as the root directory.
 To silence this warning, set 
`turbopack.root` in your Next.js 
config, or consider removing one 
of the lockfiles if it's not 
needed.
   See https://nextjs.org/docs/ap
p/api-reference/config/next-confi
g-js/turbopack#root-directory 
for more information.
 Detected additional lockfiles: 
   * 
C:\IDE-PROJECTS\ANTIGRAVITY\New f
older\ai-authority-vortex\package
-lock.json

Γû▓ Next.js 16.1.1 (Turbopack)
- Environments: .env.local

  Creating an optimized production build ...
Γ£ô Compiled successfully in 10.4s
  Running TypeScript ...
Failed to compile.

./src/lib/puck-config.tsx:203:33
Type error: Type '{ eyebrow: 
string; title: string; subtitle: 
string; items: { title: string; 
description: string; iconName: 
"Bot" | "Palette" | "Megaphone" 
| "Code"; link: string; }[]; 
puck: PuckContext; editMode?: 
boolean | undefined; id: string; 
}' is not assignable to type 
'ServicesGridProps'.
  Types of property 'items' are 
incompatible.
    Type '{ title: string; 
description: string; iconName: 
"Bot" | "Palette" | "Megaphone" 
| "Code"; link: string; }[]' is 
not assignable to type '{ title: 
string; description: string; 
iconName?: string | undefined; 
href: string; }[]'.
      Property 'href' is missing 
in type '{ title: string; 
description: string; iconName: 
"Bot" | "Palette" | "Megaphone" 
| "Code"; link: string; }' but 
required in type '{ title: 
string; description: string; 
iconName?: string | undefined; 
href: string; }'.

[0m [90m 201 |[39m            
     items[33m:[39m []
 [90m 202 |[39m             
}[33m,[39m
[31m[1m>[22m[39m[90m 203 
|[39m             
render[33m:[39m (props) 
[33m=>[39m [33m<[39m[33mServ
icesGrid[39m 
{[33m...[39mprops} 
[33m/[39m[33m>[39m
 [90m     |[39m                
                 
[31m[1m^[22m[39m
 [90m 204 |[39m         
}[33m,[39m
 [90m 205 |[39m         [33mTe
stimonials[39m[33m:[39m {
 [90m 206 |[39m             
fields[33m:[39m {[0m
Next.js build worker exited with 
code: 1 and signal: null
